FM_TEST_BEGIN 2026-10-05T02:59:35Z tests/fm-opencode-v2-shared-service-live.test.sh family=live-harness-optin expected_gate_skip=live-capability
ok - live phase 1: isolated shared service shuvcode v2.0.22-shuv.2 pid 3651593 on port 39431 with all paths in the lab
not ok - the dispatch capability probe refused the installed target: opencode-v2 capability probe: unqualified target shuvcode v2.0.22-shuv.2; use qualified shuvcode v2.0.22-shuv.1 or qualify the new build first
not ok - the capability probe refused a runtime-less root without the actionable diagnostic: opencode-v2 capability probe: unqualified target shuvcode v2.0.22-shuv.2; use qualified shuvcode v2.0.22-shuv.1 or qualify the new build first
ok - live phase 2: the primary's plugin inventory has no failed or duplicate plugins
ok - live phase 2: exactly one active V2 lead implementation (firstmate.native.v2)
ok - live phase 3: an unrelated root session at the primary ran the protected command
ok - live phase 3: a child carrying the inherited marker ran the protected command
ok - live phase 3: the exact-marked unregistered lead's command was refused with the stale-scope rebind diagnostic before execution
ok - live phase 4: a model shell carries its exact session id under the shared service and cannot lock unregistered
ok - live leg A: activated UI pid 3659669 owns lead ses_ef5ff515bffeP485RiUPn0LH9B: active registration, .lock is the UI pid, watcher armed
ok - live leg A: in one lead session the allowed command completed, cd was rejected as [persistent-cd] and the backgrounded arm as [watcher-background], before execution
ok - live leg C: two workers (explicit and configured-default model, both mock/echo) ran on the one shared service with exact recorded sessions; a worker shell cannot claim the lead home
not ok - busy/idle wakes: busy-done=yes old-response=yes acks=2 wake-prompts=2 first-ack=1791169215488455180 busy-tool-end=1791169214783126618 handled=acked 2 1791169215488455180;acked 4 1791169220477694183;
not ok - 3 live qualification check(s) failed
note: live evidence retained at /tmp/fm-opencode-v2-shared-live.bPSkLV
FM_TEST_END 2026-10-05T03:00:24Z tests/fm-opencode-v2-shared-service-live.test.sh exit=1 duration_ms=48991 gate_skip=false
FM_TEST_SUMMARY total=1 failed=1 skipped_gate=0 duration_ms=49011
FM_TEST_SUMMARY_FAMILY family=live-harness-optin count=1 duration_ms=48991 failed=1
FM_TEST_SLOWEST rank=1 script=tests/fm-opencode-v2-shared-service-live.test.sh duration_ms=48991
