FM_TEST_BEGIN 2026-10-09T02:15:28Z tests/fm-sharkboard.test.sh family=snapshot-bearings expected_gate_skip=optional-binary
ok - changed-row publication, scoped answer intake, No hold preservation, replay and worker guard
ok - new lifecycle forwards a stale approval without applying it and interrupted receipt fails closed
ok - a definite fm-board refusal becomes a terminal receipt and an inbox note
ok - unexpected provenance and withdrawn options are rejected per event
ok - a missing remote ask is republished and later events still apply
ok - pending publication identity is recovered before answers advance the cursor
ok - dead lock owners are reaped and live owners are respected
ok - Later snoozes defer the hold to a date and retire the ask
ok - active work heartbeat and idempotent retirement of work, notes and asks
ok - transient intake failures retry without a receipt or cursor progress
ok - note text, detail, link and ask titles are normalized to the SHark contract
ok - refused rows are skipped and logged without content while intake and retirement continue
ok - an answer racing retirement is forwarded before the row is dropped
ok - an ack whose response was lost settles on the next tick
ok - never-created work retires once SHark confirms it has no such item
ok - serve survives a transient tick failure
FM_TEST_END 2026-10-09T02:15:54Z tests/fm-sharkboard.test.sh exit=0 duration_ms=25957 gate_skip=false
FM_TEST_BEGIN 2026-10-09T02:15:54Z tests/fm-sharkctl-guard.test.sh family=backend-dispatch expected_gate_skip=none
ok - FM_TASK_ID set: sharkctl notify ask refuses and does not call sharkctl
ok - FM_TASK_ID set: ask refuses, other verbs delegate, flags do not hide notify
ok - FM_TASK_ID unset: sharkctl notify ask reaches the next sharkctl
ok - two guard aliases skip each other and delegate allowed and unmarked invocations once
ok - two separate guard copies delegate allowed and unmarked invocations once and still refuse notify
ok - spawned ship and scout environments refuse sharkctl notify ask
ok - filtered launch keeps the guard and refuses sharkctl notify ask
ok - workers cannot write or consume captain board rows
FM_TEST_END 2026-10-09T02:16:00Z tests/fm-sharkctl-guard.test.sh exit=0 duration_ms=6075 gate_skip=false
FM_TEST_SUMMARY total=2 failed=0 skipped_gate=0 duration_ms=32075
FM_TEST_SUMMARY_FAMILY family=backend-dispatch count=1 duration_ms=6075 failed=0
FM_TEST_SUMMARY_FAMILY family=snapshot-bearings count=1 duration_ms=25957 failed=0
FM_TEST_SLOWEST rank=1 script=tests/fm-sharkboard.test.sh duration_ms=25957
FM_TEST_SLOWEST rank=2 script=tests/fm-sharkctl-guard.test.sh duration_ms=6075
