acked 2 3157815.1791020021.qhRDeC 1791020023055233443
acked 4 3161521.1791020025.vpEOFA 1791020026493866898
acked 6 3165228.1791020028.YXZYzW 1791020030116928769
acked 8 3169257.1791020032.icFJvc 1791020033548991296
acked 10 3173345.1791020035.Df1yOV 1791020037171466163
acked 12 3177154.1791020039.XywR4j 1791020040685595559
acked 14 3181883.1791020042.umAQDk 1791020044136920887
acked 16 3185542.1791020046.HMl383 1791020047624566597
acked 18 3188972.1791020049.4CTPJF 1791020051108893238
acked 20 3192481.1791020053.K5vCre 1791020054613892713
acked 22 3197177.1791020056.uYxQDD 1791020058004277640
acked 0 3199958.1791020059.WfyiIc 1791020060675405925
acked 24 3206531.1791020067.4Cgf4h 1791020068459076510
acked 0 3209570.1791020069.XVmvMS 1791020071103049393
acked 26 3215466.1791020077.EZRAGG 1791020078745064961
acked 0 3218203.1791020079.fweT4a 1791020081508687496
acked 28 3224455.1791020088.C6b3yX 1791020089137472017
acked 30 3228031.1791020091.cD8Jx6 1791020093084059670
acked 32 3239286.1791020105.sebuLq 1791020106937230142
acked 34 3244002.1791020111.j008b5 1791020112481346273
acked 0 3246683.1791020113.xREEXf 1791020115102856327
acked 36 3253032.1791020121.4Afk7h 1791020122845958762
acked 38 3256540.1791020125.B2wtYN 1791020126356516246
acked 40 3259266.1791020126.fwENgN 1791020150525460879
ack-failed none none 1791020151226348810
acked 42 3277664.1791020153.ffIYJm 1791020154268258195
