ok - live phase 1: isolated shared service shuvcode v2.0.22-shuv.1 pid 2409337 on port 40803 with all paths in the lab
ok - live phase 1: the dispatch capability probe qualifies the installed shuvcode v2.0.22-shuv.1 with the primary's pinned runtime
ok - live phase 1: with the installed executable, a code root lacking the pinned runtime is refused with the install step
ok - live phase 2: the primary's plugin inventory has no failed or duplicate plugins
ok - live phase 2: exactly one active V2 lead implementation (firstmate.native.v2)
ok - live phase 3: an unrelated root session at the primary ran the protected command
ok - live phase 3: a child carrying the inherited marker ran the protected command
ok - live phase 3: the exact-marked unregistered lead's command was refused with the stale-scope rebind diagnostic before execution
ok - live phase 4: a model shell carries its exact session id under the shared service and cannot lock unregistered
ok - live leg A: activated UI pid 2413092 owns lead ses_f003ee3a8ffe5BaY3vs0SKOcJ3: active registration, .lock is the UI pid, watcher armed
ok - live leg A: in one lead session the allowed command completed, cd was rejected as [persistent-cd] and the backgrounded arm as [watcher-background], before execution
ok - live leg B: two homes on one service each have their own active owner; lead A cannot take home B
ok - live leg C: two workers (explicit and configured-default model, both mock/echo) ran on the one shared service with exact recorded sessions; a worker shell cannot claim the lead home
ok - live leg D: with an observer UI attached, the lead keeps its claim and its shell still holds the home lock
ok - live leg G: a wake raised while the lead was busy was queued and handled after its turn, an idle-lead wake was handled promptly; two wakes, two canonical acks, no duplicate execution
ok - live leg E: after the service restart and before rebind the lead's command was refused with the rebind diagnostic
ok - live leg E: the owner's /firstmate-rebind republished service 2495011 as active with a live watcher, and its shell holds the lock
pending - live leg F (Herdr detach/attach with the real owner): set FM_OPENCODE_V2_HERDR_LIVE=1
ok - live leg H: positive control: worker H3 finished its turn before the restart and is idle on its own service
ok - live leg H: positive control: the mid-turn worker reports executing on its own service
ok - live leg H: premise: after the service restart the successor resumed worker H's suspended turn
ok - live leg H: the resumed worker is reported executing after the restart
ok - live leg H: teardown refuses the resumed worker
ok - live leg H: interrupt cancelled the resumed turn on the successor ({"sessionID":"ses_f003e3dabffeIrOL5K4u1JVfak","executing":false,"interrupted":true,"cancellation":"confirmed"})
ok - live leg H: after the confirmed successor cancellation ordinary teardown reconciles the worker
ok - live leg H: premise: the successor resumed worker H2's turn, which then finished
ok - live leg H: before settlement is provable ordinary teardown refuses worker H2 naming a retry or --force
ok - live leg H: before settlement is provable ordinary teardown refuses worker H3, idle before the restart
ok - live leg H: once settlement is provable ordinary teardown reconciles worker H2 as settled ({"sessionID":"ses_f003e3ceeffeqrl1IW0VqE7riY","executing":false,"interrupted":false,"cancellation":"settled"})
ok - live leg H: worker H3, idle before the restart, settles under ordinary teardown without --force ({"sessionID":"ses_f003e35afffe0C76mpgV0wXlgV","executing":false,"interrupted":false,"cancellation":"settled"})
exit=0
